Project Informationc:\users\user\desktop\max_plus\week4\comparator\comparator.rpt

MAX+plus II Compiler Report File
Version 10.2 07/10/2002
Compiled: 09/27/2023 15:45:06

Copyright (C) 1988-2002 Altera Corporation
Any megafunction design, and related net list (encrypted or decrypted),
support information, device programming or simulation file, and any other
associated documentation or information provided by Altera or a partner
under Altera's Megafunction Partnership Program may be used only to
program PLD devices (but not masked PLD devices) from Altera.  Any other
use of such megafunction design, net list, support information, device
programming or simulation file, or any other related documentation or
information is prohibited for any other purpose, including, but not
limited to modification, reverse engineering, de-compiling, or use with
any other silicon devices, unless such use is explicitly licensed under
a separate agreement with Altera or a megafunction partner.  Title to
the intellectual property, including patents, copyrights, trademarks,
trade secrets, or maskworks, embodied in any such megafunction design,
net list, support information, device programming or simulation file, or
any other related documentation or information provided by Altera or a
megafunction partner, remains with Altera, the megafunction partner, or
their respective licensors.  No other licenses, including any licenses
needed under any third party's intellectual property, are provided herein.



***** Project compilation was successful




** DEVICE SUMMARY **

Chip/                     Input   Output   Bidir         Shareable
POF       Device          Pins    Pins     Pins     LCs  Expanders  % Utilized

comparator
      EPM7032LC44-6        9        7        0      11      11          34 %

User Pins:                 9        7        0  



Project Informationc:\users\user\desktop\max_plus\week4\comparator\comparator.rpt

** FILE HIERARCHY **



|74157:1|
|7485:2|
|7485:2|p7485:sub|


Device-Specific Information:c:\users\user\desktop\max_plus\week4\comparator\comparator.rpt
comparator

***** Logic for device 'comparator' compiled without errors.




Device: EPM7032LC44-6

Device Options:
    Turbo Bit                                    = ON
    Security Bit                                 = OFF

                                               
                                               
                                               
                                               
              v  v                       o  A  
              a  a     V  G  G  G  G  G  u  E  
              l  l  a  C  N  N  N  N  N  t  B  
              1  0  1  C  D  D  D  D  D  3  O  
            -----------------------------------_ 
          /   6  5  4  3  2  1 44 43 42 41 40   | 
    val3 |  7                                39 | RESERVED 
    val2 |  8                                38 | RESERVED 
      a0 |  9                                37 | RESERVED 
     GND | 10                                36 | out2 
      gn | 11                                35 | VCC 
      a3 | 12         EPM7032LC44-6          34 | RESERVED 
      a2 | 13                                33 | AGBO 
RESERVED | 14                                32 | ALBO 
     VCC | 15                                31 | out0 
RESERVED | 16                                30 | GND 
RESERVED | 17                                29 | out1 
         |_  18 19 20 21 22 23 24 25 26 27 28  _| 
           ------------------------------------ 
              R  R  R  R  G  V  R  R  R  R  R  
              E  E  E  E  N  C  E  E  E  E  E  
              S  S  S  S  D  C  S  S  S  S  S  
              E  E  E  E        E  E  E  E  E  
              R  R  R  R        R  R  R  R  R  
              V  V  V  V        V  V  V  V  V  
              E  E  E  E        E  E  E  E  E  
              D  D  D  D        D  D  D  D  D  


N.C. = No Connect. This pin has no internal connection to the device.
VCC = Dedicated power pin, which MUST be connected to VCC.
GND = Dedicated ground pin or unused dedicated input, which MUST be connected to GND.
RESERVED = Unused I/O pin, which MUST be left unconnected.



Device-Specific Information:c:\users\user\desktop\max_plus\week4\comparator\comparator.rpt
comparator

** RESOURCE USAGE **

                                                Shareable     External
Logic Array Block     Logic Cells   I/O Pins    Expanders   Interconnect

A:     LC1 - LC16     0/16(  0%)   9/16( 56%)   0/16(  0%)   0/36(  0%) 
B:    LC17 - LC32    11/16( 68%)   7/16( 43%)  14/16( 87%)  13/36( 36%) 


Total dedicated input pins used:                 0/4      (  0%)
Total I/O pins used:                            16/32     ( 50%)
Total logic cells used:                         11/32     ( 34%)
Total shareable expanders used:                 11/32     ( 34%)
Total Turbo logic cells used:                   11/32     ( 34%)
Total shareable expanders not available (n/a):   3/32     (  9%)
Average fan-in:                                  5.81
Total fan-in:                                    64

Total input pins required:                       9
Total output pins required:                      7
Total bidirectional pins required:               0
Total logic cells required:                     11
Total flipflops required:                        0
Total product terms required:                   41
Total logic cells lending parallel expanders:    0
Total shareable expanders in database:          11

Synthesized logic cells:                         0/  32   (  0%)



Device-Specific Information:c:\users\user\desktop\max_plus\week4\comparator\comparator.rpt
comparator

** INPUTS **

                                         Shareable
                                         Expanders     Fan-In    Fan-Out
 Pin     LC  LAB  Primitive    Code   Total Shared n/a INP  FBK  OUT  FBK  Name
   9    (6)  (A)      INPUT               0      0   0    0    0    3    1  a0
   4    (1)  (A)      INPUT               0      0   0    0    0    4    1  a1
  13    (9)  (A)      INPUT               0      0   0    0    0    5    1  a2
  12    (8)  (A)      INPUT               0      0   0    0    0    6    1  a3
  11    (7)  (A)      INPUT               0      0   0    0    0    4    0  gn
   5    (2)  (A)      INPUT               0      0   0    0    0    3    1  val0
   6    (3)  (A)      INPUT               0      0   0    0    0    4    1  val1
   8    (5)  (A)      INPUT               0      0   0    0    0    5    1  val2
   7    (4)  (A)      INPUT               0      0   0    0    0    6    1  val3


Code:

s = Synthesized pin or logic cell
t = Turbo logic cell
+ = Synchronous flipflop
! = NOT gate push-back
r = Fitter-inserted logic cell


Device-Specific Information:c:\users\user\desktop\max_plus\week4\comparator\comparator.rpt
comparator

** OUTPUTS **

                                         Shareable
                                         Expanders     Fan-In    Fan-Out
 Pin     LC  LAB  Primitive    Code   Total Shared n/a INP  FBK  OUT  FBK  Name
  40     18    B     OUTPUT      t        0      0   0    0    4    0    0  AEBO
  33     24    B     OUTPUT      t        1      0   1    8    4    0    0  AGBO
  32     25    B     OUTPUT      t        1      0   1    8    4    0    0  ALBO
  31     26    B     OUTPUT      t        9      0   0    9    4    0    0  out0
  29     27    B     OUTPUT      t        3      0   1    7    0    0    0  out1
  36     22    B     OUTPUT      t        0      0   0    5    0    0    0  out2
  41     17    B     OUTPUT      t        0      0   0    3    0    0    0  out3


Code:

s = Synthesized pin or logic cell
t = Turbo logic cell
+ = Synchronous flipflop
! = NOT gate push-back
r = Fitter-inserted logic cell


Device-Specific Information:c:\users\user\desktop\max_plus\week4\comparator\comparator.rpt
comparator

** BURIED LOGIC **

                                         Shareable
                                         Expanders     Fan-In    Fan-Out
 Pin     LC  LAB  Primitive    Code   Total Shared n/a INP  FBK  OUT  FBK  Name
 (39)    19    B       SOFT      t        0      0   0    2    0    4    0  |7485:2|p7485:sub|:74
 (38)    20    B       SOFT      t        0      0   0    2    0    4    0  |7485:2|p7485:sub|:75
 (37)    21    B       SOFT      t        0      0   0    2    0    4    0  |7485:2|p7485:sub|:76
 (34)    23    B       SOFT      t        0      0   0    2    0    4    0  |7485:2|p7485:sub|:77


Code:

s = Synthesized pin or logic cell
t = Turbo logic cell
+ = Synchronous flipflop
! = NOT gate push-back
r = Fitter-inserted logic cell


Device-Specific Information:c:\users\user\desktop\max_plus\week4\comparator\comparator.rpt
comparator

** LOGIC CELL INTERCONNECTIONS **

Logic Array Block 'B':

                               Logic cells placed in LAB 'B'
        +--------------------- LC18 AEBO
        | +------------------- LC24 AGBO
        | | +----------------- LC25 ALBO
        | | | +--------------- LC26 out0
        | | | | +------------- LC27 out1
        | | | | | +----------- LC22 out2
        | | | | | | +--------- LC17 out3
        | | | | | | | +------- LC19 |7485:2|p7485:sub|:74
        | | | | | | | | +----- LC20 |7485:2|p7485:sub|:75
        | | | | | | | | | +--- LC21 |7485:2|p7485:sub|:76
        | | | | | | | | | | +- LC23 |7485:2|p7485:sub|:77
        | | | | | | | | | | | 
        | | | | | | | | | | |   Other LABs fed by signals
        | | | | | | | | | | |   that feed LAB 'B'
LC      | | | | | | | | | | | | A B |     Logic cells that feed LAB 'B':
LC19 -> * * * * - - - - - - - | - * | <-- |7485:2|p7485:sub|:74
LC20 -> * * * * - - - - - - - | - * | <-- |7485:2|p7485:sub|:75
LC21 -> * * * * - - - - - - - | - * | <-- |7485:2|p7485:sub|:76
LC23 -> * * * * - - - - - - - | - * | <-- |7485:2|p7485:sub|:77

Pin
9    -> - * * * - - - - - - * | - * | <-- a0
4    -> - * * * * - - - - * - | - * | <-- a1
13   -> - * * * * * - - * - - | - * | <-- a2
12   -> - * * * * * * * - - - | - * | <-- a3
11   -> - - - * * * * - - - - | - * | <-- gn
5    -> - * * * - - - - - - * | - * | <-- val0
6    -> - * * * * - - - - * - | - * | <-- val1
8    -> - * * * * * - - * - - | - * | <-- val2
7    -> - * * * * * * * - - - | - * | <-- val3


* = The logic cell or pin is an input to the logic cell (or LAB) through the PIA.
- = The logic cell or pin is not an input to the logic cell (or LAB).


Device-Specific Information:c:\users\user\desktop\max_plus\week4\comparator\comparator.rpt
comparator

** EQUATIONS **

a0       : INPUT;
a1       : INPUT;
a2       : INPUT;
a3       : INPUT;
gn       : INPUT;
val0     : INPUT;
val1     : INPUT;
val2     : INPUT;
val3     : INPUT;

-- Node name is 'AEBO' 
-- Equation name is 'AEBO', location is LC018, type is output.
 AEBO    = LCELL( _EQ001 $  GND);
  _EQ001 =  _LC019 &  _LC020 &  _LC021 &  _LC023;

-- Node name is 'AGBO' 
-- Equation name is 'AGBO', location is LC024, type is output.
 AGBO    = LCELL( _EQ002 $  VCC);
  _EQ002 = !a0 &  _LC019 &  _LC020 &  _LC021 &  val0
         #  _LC019 &  _LC020 &  _LC021 &  _LC023
         # !a1 &  _LC019 &  _LC020 &  val1
         # !a2 &  _LC019 &  val2
         # !a3 &  val3;

-- Node name is 'ALBO' 
-- Equation name is 'ALBO', location is LC025, type is output.
 ALBO    = LCELL( _EQ003 $  VCC);
  _EQ003 =  a0 &  _LC019 &  _LC020 &  _LC021 & !val0
         #  _LC019 &  _LC020 &  _LC021 &  _LC023
         #  a1 &  _LC019 &  _LC020 & !val1
         #  a2 &  _LC019 & !val2
         #  a3 & !val3;

-- Node name is 'out0' 
-- Equation name is 'out0', location is LC026, type is output.
 out0    = LCELL( _EQ004 $ !val0);
  _EQ004 =  _X001 &  _X002 &  _X003 &  _X004 &  _X005 &  _X006 &  _X007 & 
              _X008 &  _X009;
  _X001  = EXP( a0 & !a1 & !gn &  _LC019 &  _LC020 & !val0 &  val1);
  _X002  = EXP( a0 & !gn &  _LC019 &  _LC020 &  _LC021 &  _LC023 & !val0);
  _X003  = EXP(!a0 & !a1 &  _LC019 &  _LC020 &  val0 &  val1);
  _X004  = EXP( a0 & !a2 & !gn &  _LC019 & !val0 &  val2);
  _X005  = EXP(!a0 &  _LC019 &  _LC020 &  _LC021 &  val0);
  _X006  = EXP(!a0 & !a2 &  _LC019 &  val0 &  val2);
  _X007  = EXP( a0 & !a3 & !gn & !val0 &  val3);
  _X008  = EXP(!a0 & !a3 &  val0 &  val3);
  _X009  = EXP( gn &  val0);

-- Node name is 'out1' 
-- Equation name is 'out1', location is LC027, type is output.
 out1    = LCELL( _EQ005 $  GND);
  _EQ005 =  a1 & !a2 & !gn &  val2 &  _X010
         #  a2 & !gn &  val1 & !val2 &  _X011
         #  a1 & !a3 & !gn &  val3
         #  a3 & !gn &  val1 & !val3
         #  a1 & !gn &  val1;
  _X010  = EXP( a3 & !val3);
  _X011  = EXP(!a3 &  val3);

-- Node name is 'out2' 
-- Equation name is 'out2', location is LC022, type is output.
 out2    = LCELL( _EQ006 $  GND);
  _EQ006 =  a3 & !gn &  val2 & !val3
         #  a2 & !a3 & !gn &  val3
         #  a2 & !gn &  val2;

-- Node name is 'out3' 
-- Equation name is 'out3', location is LC017, type is output.
 out3    = LCELL( _EQ007 $  GND);
  _EQ007 =  a3 & !gn &  val3;

-- Node name is '|7485:2|p7485:sub|:74' 
-- Equation name is '_LC019', type is buried 
_LC019   = LCELL(!val3 $  a3);

-- Node name is '|7485:2|p7485:sub|:75' 
-- Equation name is '_LC020', type is buried 
_LC020   = LCELL(!val2 $  a2);

-- Node name is '|7485:2|p7485:sub|:76' 
-- Equation name is '_LC021', type is buried 
_LC021   = LCELL(!val1 $  a1);

-- Node name is '|7485:2|p7485:sub|:77' 
-- Equation name is '_LC023', type is buried 
_LC023   = LCELL(!val0 $  a0);



--     Shareable expanders that are duplicated in multiple LABs:
--     (none)




Project Informationc:\users\user\desktop\max_plus\week4\comparator\comparator.rpt

** COMPILATION SETTINGS & TIMES **

Processing Menu Commands
------------------------

Design Doctor                             = off

Logic Synthesis:

   Synthesis Type Used                    = Standard

   Default Synthesis Style                = NORMAL

      Logic option settings in 'NORMAL' style for 'MAX7000' family

      DECOMPOSE_GATES                     = on
      DUPLICATE_LOGIC_EXTRACTION          = on
      MINIMIZATION                        = full
      MULTI_LEVEL_FACTORING               = on
      NOT_GATE_PUSH_BACK                  = on
      PARALLEL_EXPANDERS                  = off
      REDUCE_LOGIC                        = on
      REFACTORIZATION                     = on
      REGISTER_OPTIMIZATION               = on
      RESYNTHESIZE_NETWORK                = on
      SLOW_SLEW_RATE                      = off
      SOFT_BUFFER_INSERTION               = on
      SUBFACTOR_EXTRACTION                = on
      TURBO_BIT                           = on
      XOR_SYNTHESIS                       = on
      IGNORE_SOFT_BUFFERS                 = off
      USE_LPM_FOR_AHDL_OPERATORS          = off

   Other logic synthesis settings:

      Automatic Global Clock              = on
      Automatic Global Clear              = on
      Automatic Global Preset             = on
      Automatic Global Output Enable      = on
      Automatic Fast I/O                  = off
      Automatic Register Packing          = off
      Automatic Open-Drain Pins           = on
      Automatic Implement in EAB          = off
      One-Hot State Machine Encoding      = off
      Optimize                            = 5

Default Timing Specifications: None

Cut All Bidir Feedback Timing Paths       = on
Cut All Clear & Preset Timing Paths       = on

Ignore Timing Assignments                 = off

Functional SNF Extractor                  = off

Linked SNF Extractor                      = off
Timing SNF Extractor                      = on
Optimize Timing SNF                       = off
Generate AHDL TDO File                    = off
Fitter Settings                           = NORMAL
Smart Recompile                           = off
Total Recompile                           = off

Interfaces Menu Commands
------------------------

EDIF Netlist Writer                       = off
Verilog Netlist Writer                    = off
VHDL Netlist Writer                       = off

Compilation Times
-----------------

   Compiler Netlist Extractor             00:00:00
   Database Builder                       00:00:00
   Logic Synthesizer                      00:00:00
   Partitioner                            00:00:00
   Fitter                                 00:00:00
   Timing SNF Extractor                   00:00:00
   Assembler                              00:00:00
   --------------------------             --------
   Total Time                             00:00:00


Memory Allocated
-----------------

Peak memory allocated during compilation  = 2,964K
